[gharpay-solution-to-modern-housing.onrender.com/index.html]
[backblue.gif]
[fade.gif]
[index.html]
[gharpay-solution-to-modern-housing.onrender.com/assets/img/favicon.png]
[gharpay-solution-to-modern-housing.onrender.com/assets/css/bootstrap.min.css]
[gharpay-solution-to-modern-housing.onrender.com/assets/plugins/fontawesome/css/fontawesome.min.css]
[gharpay-solution-to-modern-housing.onrender.com/assets/plugins/fontawesome/css/all.min.css]
[gharpay-solution-to-modern-housing.onrender.com/assets/css/feather.css]
[gharpay-solution-to-modern-housing.onrender.com/assets/plugins/boxicons/css/boxicons.min.css]
[gharpay-solution-to-modern-housing.onrender.com/assets/css/owl.carousel.min.css]
[gharpay-solution-to-modern-housing.onrender.com/assets/css/aos.css]
[gharpay-solution-to-modern-housing.onrender.com/assets/plugins/select2/css/select2.min.css]
[gharpay-solution-to-modern-housing.onrender.com/assets/css/style.css]
[gharpay-solution-to-modern-housing.onrender.com/assets/img/icons/loader.svg]
[gharpay-solution-to-modern-housing.onrender.com/index-2.html]
[gharpay-solution-to-modern-housing.onrender.com/assets/img/logo.png]
[gharpay-solution-to-modern-housing.onrender.com/buy-property-grid.html]
[gharpay-solution-to-modern-housing.onrender.com/buy-property-list.html]
[gharpay-solution-to-modern-housing.onrender.com/buy-property-grid-sidebar.html]
[gharpay-solution-to-modern-housing.onrender.com/buy-property-list-sidebar.html]
[gharpay-solution-to-modern-housing.onrender.com/buy-grid-map.html]
[gharpay-solution-to-modern-housing.onrender.com/buy-list-map.html]
[gharpay-solution-to-modern-housing.onrender.com/buy-details.html]
[gharpay-solution-to-modern-housing.onrender.com/rent-property-grid.html]
[gharpay-solution-to-modern-housing.onrender.com/rent-property-list.html]
[gharpay-solution-to-modern-housing.onrender.com/rent-property-grid-sidebar.html]
[gharpay-solution-to-modern-housing.onrender.com/rent-property-list-sidebar.html]
[gharpay-solution-to-modern-housing.onrender.com/rent-grid-map.html]
[gharpay-solution-to-modern-housing.onrender.com/rent-list-map.html]
[gharpay-solution-to-modern-housing.onrender.com/rent-details.html]
[gharpay-solution-to-modern-housing.onrender.com/agent-grid.html]
[gharpay-solution-to-modern-housing.onrender.com/agent-list.html]
[gharpay-solution-to-modern-housing.onrender.com/agent-grid-sidebar.html]
[gharpay-solution-to-modern-housing.onrender.com/agent-list-sidebar.html]
[gharpay-solution-to-modern-housing.onrender.com/agent-details.html]
[gharpay-solution-to-modern-housing.onrender.com/agency-grid.html]
[gharpay-solution-to-modern-housing.onrender.com/agency-list.html]
[gharpay-solution-to-modern-housing.onrender.com/agency-grid-sidebar.html]
[gharpay-solution-to-modern-housing.onrender.com/agency-list-sidebar.html]
[gharpay-solution-to-modern-housing.onrender.com/agency-details.html]
[gharpay-solution-to-modern-housing.onrender.com/about-us.html]
[gharpay-solution-to-modern-housing.onrender.com/register.html]
[gharpay-solution-to-modern-housing.onrender.com/login.html]
[gharpay-solution-to-modern-housing.onrender.com/forgot-password.html]
[gharpay-solution-to-modern-housing.onrender.com/reset-password.html]
[gharpay-solution-to-modern-housing.onrender.com/invoice-details.html]
[gharpay-solution-to-modern-housing.onrender.com/error-404.html]
[gharpay-solution-to-modern-housing.onrender.com/error-500.html]
[gharpay-solution-to-modern-housing.onrender.com/pricing.html]
[gharpay-solution-to-modern-housing.onrender.com/faq.html]
[gharpay-solution-to-modern-housing.onrender.com/gallery.html]
[gharpay-solution-to-modern-housing.onrender.com/our-team.html]
[gharpay-solution-to-modern-housing.onrender.com/testimonial.html]
[gharpay-solution-to-modern-housing.onrender.com/terms-condition.html]
[gharpay-solution-to-modern-housing.onrender.com/privacy-policy.html]
[gharpay-solution-to-modern-housing.onrender.com/maintenance.html]
[gharpay-solution-to-modern-housing.onrender.com/coming-soon.html]
[gharpay-solution-to-modern-housing.onrender.com/blog-list.html]
[gharpay-solution-to-modern-housing.onrender.com/blog-grid.html]
[gharpay-solution-to-modern-housing.onrender.com/blog-details.html]
[gharpay-solution-to-modern-housing.onrender.com/contact-us.html]
[gharpay-solution-to-modern-housing.onrender.com/assets/img/icons/search-icon.svg]
[gharpay-solution-to-modern-housing.onrender.com/add-new-property.html]
[gharpay-solution-to-modern-housing.onrender.com/assets/img/icons/buy-icon.svg]
[gharpay-solution-to-modern-housing.onrender.com/assets/img/icons/work-icon-1.svg]
[gharpay-solution-to-modern-housing.onrender.com/assets/img/icons/work-icon-2.svg]
[gharpay-solution-to-modern-housing.onrender.com/assets/img/icons/work-icon-3.svg]
[gharpay-solution-to-modern-housing.onrender.com/assets/img/shapes/property-sec-bg-1.png]
[gharpay-solution-to-modern-housing.onrender.com/assets/img/shapes/property-sec-bg-2.png]
[gharpay-solution-to-modern-housing.onrender.com/assets/img/icons/red-circle.svg]
[gharpay-solution-to-modern-housing.onrender.com/assets/img/icons/property-icon-1.svg]
[gharpay-solution-to-modern-housing.onrender.com/assets/img/icons/property-icon-2.svg]
[gharpay-solution-to-modern-housing.onrender.com/assets/img/icons/property-icon-3.svg]
[gharpay-solution-to-modern-housing.onrender.com/assets/img/icons/property-icon-4.svg]
[gharpay-solution-to-modern-housing.onrender.com/assets/img/city/city-1.jpg]
[gharpay-solution-to-modern-housing.onrender.com/assets/img/city/city-2.jpg]
[gharpay-solution-to-modern-housing.onrender.com/assets/img/city/city-3.jpg]
[gharpay-solution-to-modern-housing.onrender.com/assets/img/city/city-4.jpg]
[gharpay-solution-to-modern-housing.onrender.com/assets/img/icons/counter-icon-1.svg]
[gharpay-solution-to-modern-housing.onrender.com/assets/img/icons/counter-icon-2.svg]
[gharpay-solution-to-modern-housing.onrender.com/assets/img/icons/counter-icon-3.svg]
[gharpay-solution-to-modern-housing.onrender.com/assets/img/icons/counter-icon-4.svg]
[gharpay-solution-to-modern-housing.onrender.com/assets/img/city/property-img-1.jpg]
[gharpay-solution-to-modern-housing.onrender.com/assets/img/city/property-img-2.jpg]
[gharpay-solution-to-modern-housing.onrender.com/rent-property-gridhtml.html]
[gharpay-solution-to-modern-housing.onrender.com/assets/img/city/property-img-3.jpg]
[gharpay-solution-to-modern-housing.onrender.com/assets/img/bg/prop-bg.png]
[gharpay-solution-to-modern-housing.onrender.com/assets/img/icons/partner-icon-1.svg]
[gharpay-solution-to-modern-housing.onrender.com/assets/img/icons/partner-icon-2.svg]
[gharpay-solution-to-modern-housing.onrender.com/assets/img/icons/partner-icon-3.svg]
[gharpay-solution-to-modern-housing.onrender.com/assets/img/icons/partner-icon-4.svg]
[gharpay-solution-to-modern-housing.onrender.com/assets/img/icons/partner-icon-5.svg]
[gharpay-solution-to-modern-housing.onrender.com/assets/img/icons/partner-icon-6.svg]
[gharpay-solution-to-modern-housing.onrender.com/assets/img/icons/blue-circle.svg]
[gharpay-solution-to-modern-housing.onrender.com/assets/img/profiles/avatar-01.jpg]
[gharpay-solution-to-modern-housing.onrender.com/assets/img/profiles/avatar-02.jpg]
[gharpay-solution-to-modern-housing.onrender.com/assets/img/profiles/avatar-03.jpg]
[gharpay-solution-to-modern-housing.onrender.com/assets/img/profiles/avatar-04.jpg]
[gharpay-solution-to-modern-housing.onrender.com/assets/img/profiles/avatar-05.jpg]
[gharpay-solution-to-modern-housing.onrender.com/assets/img/blog/blog-1.jpg]
[gharpay-solution-to-modern-housing.onrender.com/assets/img/blog/blog-2.jpg]
[gharpay-solution-to-modern-housing.onrender.com/assets/img/blog/blog-3.jpg]
[gharpay-solution-to-modern-housing.onrender.com/assets/img/icons/pricing-icon.svg]
[gharpay-solution-to-modern-housing.onrender.com/assets/img/bg/price-bg.png]
[gharpay-solution-to-modern-housing.onrender.com/assets/img/faq-img.jpg]
[gharpay-solution-to-modern-housing.onrender.com/blog-details-1.html]
[gharpay-solution-to-modern-housing.onrender.com/blog-details-2.html]
[gharpay-solution-to-modern-housing.onrender.com/blog-details-3.html]
[gharpay-solution-to-modern-housing.onrender.com/blog-details-4.html]
[gharpay-solution-to-modern-housing.onrender.com/blog-details-5.html]
[gharpay-solution-to-modern-housing.onrender.com/assets/img/bg/line-bg.png]
[gharpay-solution-to-modern-housing.onrender.com/assets/img/google-pay.png]
[gharpay-solution-to-modern-housing.onrender.com/assets/img/app-store.png]
[gharpay-solution-to-modern-housing.onrender.com/assets/js/jquery-3.6.4.min.js]
[gharpay-solution-to-modern-housing.onrender.com/assets/js/bootstrap.bundle.min.js]
[gharpay-solution-to-modern-housing.onrender.com/assets/js/feather.min.js]
[gharpay-solution-to-modern-housing.onrender.com/assets/js/owl.carousel.min.js]
[gharpay-solution-to-modern-housing.onrender.com/assets/js/aos.js]
[gharpay-solution-to-modern-housing.onrender.com/assets/plugins/select2/js/select2.min.js]
[gharpay-solution-to-modern-housing.onrender.com/assets/js/waypoints.js]
[gharpay-solution-to-modern-housing.onrender.com/assets/js/jquery.counterup.min.js]
[gharpay-solution-to-modern-housing.onrender.com/assets/js/script.js]
[gharpay-solution-to-modern-housing.onrender.com/index.html]
[gharpay-solution-to-modern-housing.onrender.com/assets/css/bootstrap.min.css]
[gharpay-solution-to-modern-housing.onrender.com/assets/plugins/fontawesome/css/fontawesome.min.css]
[gharpay-solution-to-modern-housing.onrender.com/assets/plugins/fontawesome/webfonts/fa-brands-400.html]
[gharpay-solution-to-modern-housing.onrender.com/assets/plugins/fontawesome/webfonts/fa-regular-400.html]
[gharpay-solution-to-modern-housing.onrender.com/assets/plugins/fontawesome/webfonts/fa-solid-900.html]
[gharpay-solution-to-modern-housing.onrender.com/assets/plugins/fontawesome/webfonts/fa-v4compatibility.html]
[gharpay-solution-to-modern-housing.onrender.com/assets/plugins/fontawesome/css/all.min.css]
[gharpay-solution-to-modern-housing.onrender.com/assets/css/feather.css]
[gharpay-solution-to-modern-housing.onrender.com/assets/fonts/Feather144f144f.svg]
[gharpay-solution-to-modern-housing.onrender.com/assets/plugins/boxicons/fonts/boxicons-2.html]
[gharpay-solution-to-modern-housing.onrender.com/assets/plugins/boxicons/css/boxicons.min.css]
[gharpay-solution-to-modern-housing.onrender.com/assets/plugins/boxicons/fonts/boxiconsd41dd41d.svg]
[gharpay-solution-to-modern-housing.onrender.com/assets/css/owl.video.play.html]
[gharpay-solution-to-modern-housing.onrender.com/assets/css/owl.carousel.min.css]
[gharpay-solution-to-modern-housing.onrender.com/assets/css/aos.css]
[gharpay-solution-to-modern-housing.onrender.com/assets/plugins/select2/css/select2.min.css]
[gharpay-solution-to-modern-housing.onrender.com/assets/img/icons/check.html]
[gharpay-solution-to-modern-housing.onrender.com/assets/img/icons/x-icon.html]
[gharpay-solution-to-modern-housing.onrender.com/assets/img/bg/breadcrumb-bg.jpg]
[gharpay-solution-to-modern-housing.onrender.com/assets/img/banner.jpg]
[gharpay-solution-to-modern-housing.onrender.com/assets/img/shapes/testimonial-bg.png]
[gharpay-solution-to-modern-housing.onrender.com/assets/img/bg/agent-bg.png]
[gharpay-solution-to-modern-housing.onrender.com/assets/img/bg/agent-bg-01.png]
[gharpay-solution-to-modern-housing.onrender.com/assets/img/bg/bg-auth1.png]
[gharpay-solution-to-modern-housing.onrender.com/assets/img/quote.svg]
[gharpay-solution-to-modern-housing.onrender.com/assets/css/style.css]
[gharpay-solution-to-modern-housing.onrender.com/assets/img/icons/loader.svg]
[gharpay-solution-to-modern-housing.onrender.com/index-2.html]
[gharpay-solution-to-modern-housing.onrender.com/assets/img/logo.svg]
[gharpay-solution-to-modern-housing.onrender.com/assets/img/product/product-1.jpg]
[gharpay-solution-to-modern-housing.onrender.com/assets/img/icons/bed-icon.svg]
[gharpay-solution-to-modern-housing.onrender.com/assets/img/icons/bath-icon.svg]
[gharpay-solution-to-modern-housing.onrender.com/assets/img/icons/building-icon.svg]
[gharpay-solution-to-modern-housing.onrender.com/assets/img/product/product-2.jpg]
[gharpay-solution-to-modern-housing.onrender.com/assets/img/product/product-3.jpg]
[gharpay-solution-to-modern-housing.onrender.com/assets/img/product/product-4.jpg]
[gharpay-solution-to-modern-housing.onrender.com/assets/img/product/product-5.jpg]
[gharpay-solution-to-modern-housing.onrender.com/assets/img/profiles/avatar-06.jpg]
[gharpay-solution-to-modern-housing.onrender.com/assets/img/profiles/avatar-07.jpg]
[gharpay-solution-to-modern-housing.onrender.com/assets/img/product/product-8.jpg]
[gharpay-solution-to-modern-housing.onrender.com/assets/img/product/product-7.jpg]
[gharpay-solution-to-modern-housing.onrender.com/assets/img/company-logo.png]
[gharpay-solution-to-modern-housing.onrender.com/assets/plugins/theia-sticky-sidebar/ResizeSensor.js]
[gharpay-solution-to-modern-housing.onrender.com/assets/plugins/theia-sticky-sidebar/theia-sticky-sidebar.js]
[gharpay-solution-to-modern-housing.onrender.com/buy-property-grid.html]
[gharpay-solution-to-modern-housing.onrender.com/assets/img/rent/rent-list-01.jpg]
[gharpay-solution-to-modern-housing.onrender.com/assets/img/rent/rent-list-02.jpg]
[gharpay-solution-to-modern-housing.onrender.com/assets/img/rent/rent-list-03.jpg]
[gharpay-solution-to-modern-housing.onrender.com/assets/img/rent/rent-list-04.jpg]
[gharpay-solution-to-modern-housing.onrender.com/assets/img/rent/rent-list-06.jpg]
[gharpay-solution-to-modern-housing.onrender.com/buy-property-list.html]
[gharpay-solution-to-modern-housing.onrender.com/assets/plugins/range-slider/slider-range.css]
[gharpay-solution-to-modern-housing.onrender.com/assets/img/product/product-6.jpg]
[gharpay-solution-to-modern-housing.onrender.com/buy-property-grid-sidebar.html]
[gharpay-solution-to-modern-housing.onrender.com/assets/plugins/range-slider/slider-range.js]
[gharpay-solution-to-modern-housing.onrender.com/assets/img/rent/rent-list-05.jpg]
[gharpay-solution-to-modern-housing.onrender.com/buy-property-list-sidebar.html]
[gharpay-solution-to-modern-housing.onrender.com/assets/js/map-grid.js]
[gharpay-solution-to-modern-housing.onrender.com/buy-grid-map.html]
[gharpay-solution-to-modern-housing.onrender.com/assets/js/map.js]
[gharpay-solution-to-modern-housing.onrender.com/buy-list-map.html]
[gharpay-solution-to-modern-housing.onrender.com/assets/plugins/fancybox/jquery.fancybox.min.css]
[gharpay-solution-to-modern-housing.onrender.com/assets/img/rent/rent-detail-01.jpg]
[gharpay-solution-to-modern-housing.onrender.com/assets/img/rent/rent-detail-02.jpg]
[gharpay-solution-to-modern-housing.onrender.com/assets/img/rent/rent-detail-03.jpg]
[gharpay-solution-to-modern-housing.onrender.com/assets/img/rent/rent-detail-04.jpg]
[gharpay-solution-to-modern-housing.onrender.com/assets/img/rent/rent-detail-05.jpg]
[gharpay-solution-to-modern-housing.onrender.com/assets/img/icons/garage-icon.svg]
[gharpay-solution-to-modern-housing.onrender.com/assets/img/icons/calender-icon.svg]
[gharpay-solution-to-modern-housing.onrender.com/assets/img/icons/amenities-icon-1.svg]
[gharpay-solution-to-modern-housing.onrender.com/assets/img/icons/amenities-icon-2.svg]
[gharpay-solution-to-modern-housing.onrender.com/assets/img/icons/amenities-icon-3.svg]
[gharpay-solution-to-modern-housing.onrender.com/assets/img/icons/amenities-icon-4.svg]
[gharpay-solution-to-modern-housing.onrender.com/assets/img/icons/amenities-icon-5.svg]
[gharpay-solution-to-modern-housing.onrender.com/assets/img/icons/amenities-icon-6.svg]
[gharpay-solution-to-modern-housing.onrender.com/assets/img/icons/amenities-icon-7.svg]
[gharpay-solution-to-modern-housing.onrender.com/assets/img/icons/amenities-icon-8.svg]
[gharpay-solution-to-modern-housing.onrender.com/assets/img/icons/amenities-icon-9.svg]
[gharpay-solution-to-modern-housing.onrender.com/assets/img/icons/amenities-icon-10.svg]
[gharpay-solution-to-modern-housing.onrender.com/assets/img/icons/amenities-icon-11.svg]
[gharpay-solution-to-modern-housing.onrender.com/assets/img/icons/amenities-icon-12.svg]
[gharpay-solution-to-modern-housing.onrender.com/assets/img/icons/pdf-icon.svg]
[gharpay-solution-to-modern-housing.onrender.com/assets/img/video-img.jpg]
[gharpay-solution-to-modern-housing.onrender.com/assets/img/icons/money-icon.svg]
[gharpay-solution-to-modern-housing.onrender.com/assets/img/floor-map.png]
[gharpay-solution-to-modern-housing.onrender.com/buy-detail-view.html]
[gharpay-solution-to-modern-housing.onrender.com/assets/img/sidebar-slide.jpg]
[gharpay-solution-to-modern-housing.onrender.com/assets/plugins/fancybox/jquery.fancybox.min.js]
[gharpay-solution-to-modern-housing.onrender.com/buy-details.html]
[gharpay-solution-to-modern-housing.onrender.com/assets/plugins/slick/slick.js]
[gharpay-solution-to-modern-housing.onrender.com/assets/img/product/product-9.jpg]
[gharpay-solution-to-modern-housing.onrender.com/assets/img/product/product-10.jpg]
[gharpay-solution-to-modern-housing.onrender.com/assets/img/product/product-11.jpg]
[gharpay-solution-to-modern-housing.onrender.com/rent-property-grid.html]
[gharpay-solution-to-modern-housing.onrender.com/rental-order.html]
[gharpay-solution-to-modern-housing.onrender.com/rent-property-list.html]
[gharpay-solution-to-modern-housing.onrender.com/rent-property-grid-sidebar.html]
[gharpay-solution-to-modern-housing.onrender.com/assets/img/profiles/avatar-08.jpg]
[gharpay-solution-to-modern-housing.onrender.com/rent-property-list-sidebar.html]
[gharpay-solution-to-modern-housing.onrender.com/rent-grid-map.html]
[gharpay-solution-to-modern-housing.onrender.com/rent-list-map.html]
[gharpay-solution-to-modern-housing.onrender.com/assets/img/icons/location-icon.svg]
[gharpay-solution-to-modern-housing.onrender.com/compare.html]
[gharpay-solution-to-modern-housing.onrender.com/rent-details.html]
[gharpay-solution-to-modern-housing.onrender.com/assets/img/agents/agent-01.jpg]
[gharpay-solution-to-modern-housing.onrender.com/assets/img/agents/agent-02.jpg]
[gharpay-solution-to-modern-housing.onrender.com/assets/img/agents/agent-03.jpg]
[gharpay-solution-to-modern-housing.onrender.com/assets/img/agents/agent-04.jpg]
[gharpay-solution-to-modern-housing.onrender.com/assets/img/agents/agent-05.jpg]
[gharpay-solution-to-modern-housing.onrender.com/assets/img/agents/agent-06.jpg]
[gharpay-solution-to-modern-housing.onrender.com/agent-grid.html]
[gharpay-solution-to-modern-housing.onrender.com/assets/img/agents/agent-list-01.jpg]
[gharpay-solution-to-modern-housing.onrender.com/assets/img/agents/agent-list-02.jpg]
[gharpay-solution-to-modern-housing.onrender.com/assets/img/agents/agent-list-03.jpg]
[gharpay-solution-to-modern-housing.onrender.com/assets/img/agents/agent-list-04.jpg]
[gharpay-solution-to-modern-housing.onrender.com/assets/img/agents/agent-list-05.jpg]
[gharpay-solution-to-modern-housing.onrender.com/assets/img/agents/agent-list-06.jpg]
[gharpay-solution-to-modern-housing.onrender.com/agent-list.html]
[gharpay-solution-to-modern-housing.onrender.com/agent-grid-sidebar.html]
[gharpay-solution-to-modern-housing.onrender.com/agent-list-sidebar.html]
[gharpay-solution-to-modern-housing.onrender.com/agent-details.html]
[gharpay-solution-to-modern-housing.onrender.com/cdn-cgi/scripts/5c5dd728/cloudflare-static/email-decode.min.js]
[gharpay-solution-to-modern-housing.onrender.com/assets/img/property/property-01.png]
[gharpay-solution-to-modern-housing.onrender.com/assets/img/property/property-02.png]
[gharpay-solution-to-modern-housing.onrender.com/assets/img/property/property-03.png]
[gharpay-solution-to-modern-housing.onrender.com/assets/img/property/property-05.png]
[gharpay-solution-to-modern-housing.onrender.com/assets/img/property/property-04.png]
[gharpay-solution-to-modern-housing.onrender.com/assets/img/property/property-06.png]
[gharpay-solution-to-modern-housing.onrender.com/agency-grid.html]
[gharpay-solution-to-modern-housing.onrender.com/agency-list.html]
[gharpay-solution-to-modern-housing.onrender.com/agency-grid-sidebar.html]
[gharpay-solution-to-modern-housing.onrender.com/agency-list-sidebar.html]
[gharpay-solution-to-modern-housing.onrender.com/agency-details.html]
[gharpay-solution-to-modern-housing.onrender.com/assets/img/about-us/about-us-01.jpg]
[gharpay-solution-to-modern-housing.onrender.com/assets/img/about-us/about-us-02.jpg]
[gharpay-solution-to-modern-housing.onrender.com/assets/img/about-us/about-us-03.jpg]
[gharpay-solution-to-modern-housing.onrender.com/assets/img/about-us/about-us-04.jpg]
[gharpay-solution-to-modern-housing.onrender.com/about-us.html]
[gharpay-solution-to-modern-housing.onrender.com/assets/img/icons/google.svg]
[gharpay-solution-to-modern-housing.onrender.com/assets/img/icons/facebook.svg]
[gharpay-solution-to-modern-housing.onrender.com/register.html]
[gharpay-solution-to-modern-housing.onrender.com/login.html]
[gharpay-solution-to-modern-housing.onrender.com/forgot-password.html]
[gharpay-solution-to-modern-housing.onrender.com/reset-password.html]
[gharpay-solution-to-modern-housing.onrender.com/assets/img/pay-online.jpg]
[gharpay-solution-to-modern-housing.onrender.com/invoice-details.html]
[gharpay-solution-to-modern-housing.onrender.com/assets/img/404.png]
[gharpay-solution-to-modern-housing.onrender.com/error-404.html]
[gharpay-solution-to-modern-housing.onrender.com/assets/img/500.png]
[gharpay-solution-to-modern-housing.onrender.com/error-500.html]
[gharpay-solution-to-modern-housing.onrender.com/pricing.html]
[gharpay-solution-to-modern-housing.onrender.com/faq.html]
[gharpay-solution-to-modern-housing.onrender.com/assets/img/gallery/gallery-01.jpg]
[gharpay-solution-to-modern-housing.onrender.com/assets/img/gallery/gallery-thum-01.jpg]
[gharpay-solution-to-modern-housing.onrender.com/assets/img/gallery/gallery-02.jpg]
[gharpay-solution-to-modern-housing.onrender.com/assets/img/gallery/gallery-thum-02.jpg]
[gharpay-solution-to-modern-housing.onrender.com/assets/img/gallery/gallery-03.jpg]
[gharpay-solution-to-modern-housing.onrender.com/assets/img/gallery/gallery-thum-03.jpg]
[gharpay-solution-to-modern-housing.onrender.com/assets/img/gallery/gallery-04.jpg]
[gharpay-solution-to-modern-housing.onrender.com/assets/img/gallery/gallery-thum-04.jpg]
[gharpay-solution-to-modern-housing.onrender.com/assets/img/gallery/gallery-05.jpg]
[gharpay-solution-to-modern-housing.onrender.com/assets/img/gallery/gallery-thum-05.jpg]
[gharpay-solution-to-modern-housing.onrender.com/assets/img/gallery/gallery-06.jpg]
[gharpay-solution-to-modern-housing.onrender.com/assets/img/gallery/gallery-thum-06.jpg]
[gharpay-solution-to-modern-housing.onrender.com/assets/img/gallery/gallery-07.jpg]
[gharpay-solution-to-modern-housing.onrender.com/assets/img/gallery/gallery-thum-07.jpg]
[gharpay-solution-to-modern-housing.onrender.com/assets/img/gallery/gallery-08.jpg]
[gharpay-solution-to-modern-housing.onrender.com/assets/img/gallery/gallery-thum-08.jpg]
[gharpay-solution-to-modern-housing.onrender.com/assets/img/gallery/gallery-09.jpg]
[gharpay-solution-to-modern-housing.onrender.com/assets/img/gallery/gallery-thum-09.jpg]
[gharpay-solution-to-modern-housing.onrender.com/assets/img/gallery/gallery-10.jpg]
[gharpay-solution-to-modern-housing.onrender.com/assets/img/gallery/gallery-thum-10.jpg]
[gharpay-solution-to-modern-housing.onrender.com/assets/img/gallery/gallery-11.jpg]
[gharpay-solution-to-modern-housing.onrender.com/assets/img/gallery/gallery-thum-11.jpg]
[gharpay-solution-to-modern-housing.onrender.com/assets/img/gallery/gallery-12.jpg]
[gharpay-solution-to-modern-housing.onrender.com/assets/img/gallery/gallery-thum-12.jpg]
[gharpay-solution-to-modern-housing.onrender.com/assets/img/gallery/gallery-13.jpg]
[gharpay-solution-to-modern-housing.onrender.com/assets/img/gallery/gallery-thum-13.jpg]
[gharpay-solution-to-modern-housing.onrender.com/assets/img/gallery/gallery-14.jpg]
[gharpay-solution-to-modern-housing.onrender.com/assets/img/gallery/gallery-thum-14.jpg]
[gharpay-solution-to-modern-housing.onrender.com/assets/img/gallery/gallery-15.jpg]
[gharpay-solution-to-modern-housing.onrender.com/assets/img/gallery/gallery-thum-15.jpg]
[gharpay-solution-to-modern-housing.onrender.com/assets/img/gallery/gallery-16.jpg]
[gharpay-solution-to-modern-housing.onrender.com/assets/img/gallery/gallery-thum-16.jpg]
[gharpay-solution-to-modern-housing.onrender.com/assets/img/gallery/gallery-17.jpg]
[gharpay-solution-to-modern-housing.onrender.com/assets/img/gallery/gallery-thum-17.jpg]
[gharpay-solution-to-modern-housing.onrender.com/assets/img/gallery/gallery-18.jpg]
[gharpay-solution-to-modern-housing.onrender.com/assets/img/gallery/gallery-thum-18.jpg]
[gharpay-solution-to-modern-housing.onrender.com/gallery.html]
[gharpay-solution-to-modern-housing.onrender.com/assets/img/our-team/team-01.jpg]
[gharpay-solution-to-modern-housing.onrender.com/assets/img/our-team/team-02.jpg]
[gharpay-solution-to-modern-housing.onrender.com/assets/img/our-team/team-03.jpg]
[gharpay-solution-to-modern-housing.onrender.com/assets/img/our-team/team-04.jpg]
[gharpay-solution-to-modern-housing.onrender.com/assets/img/our-team/team-05.jpg]
[gharpay-solution-to-modern-housing.onrender.com/assets/img/our-team/team-06.jpg]
[gharpay-solution-to-modern-housing.onrender.com/our-team.html]
[gharpay-solution-to-modern-housing.onrender.com/assets/img/profiles/avatar-09.jpg]
[gharpay-solution-to-modern-housing.onrender.com/assets/img/profiles/avatar-10.jpg]
[gharpay-solution-to-modern-housing.onrender.com/assets/img/profiles/avatar-11.jpg]
[gharpay-solution-to-modern-housing.onrender.com/assets/img/profiles/avatar-12.jpg]
[gharpay-solution-to-modern-housing.onrender.com/testimonial.html]
[gharpay-solution-to-modern-housing.onrender.com/terms-condition.html]
[gharpay-solution-to-modern-housing.onrender.com/privacy-policy.html]
[gharpay-solution-to-modern-housing.onrender.com/assets/img/maintenance.png]
[gharpay-solution-to-modern-housing.onrender.com/maintenance.html]
[gharpay-solution-to-modern-housing.onrender.com/coming-soon.html]
[gharpay-solution-to-modern-housing.onrender.com/assets/img/blog/blog-list-01.jpg]
[gharpay-solution-to-modern-housing.onrender.com/assets/img/blog/blog-list-02.jpg]
[gharpay-solution-to-modern-housing.onrender.com/assets/img/blog/blog-list-03.jpg]
[gharpay-solution-to-modern-housing.onrender.com/assets/img/blog/blog-7.jpg]
[gharpay-solution-to-modern-housing.onrender.com/assets/img/blog/blog-8.jpg]
[gharpay-solution-to-modern-housing.onrender.com/assets/img/blog/blog-9.jpg]
[gharpay-solution-to-modern-housing.onrender.com/blog-list.html]
[gharpay-solution-to-modern-housing.onrender.com/assets/img/blog/blog-4.jpg]
[gharpay-solution-to-modern-housing.onrender.com/assets/img/blog/blog-5.jpg]
[gharpay-solution-to-modern-housing.onrender.com/assets/img/blog/blog-6.jpg]
[gharpay-solution-to-modern-housing.onrender.com/blog-grid.html]
[gharpay-solution-to-modern-housing.onrender.com/assets/img/blog/blog-banner.jpg]
[gharpay-solution-to-modern-housing.onrender.com/assets/img/blog/blog-banner1.jpg]
[gharpay-solution-to-modern-housing.onrender.com/blog-details.html]
[gharpay-solution-to-modern-housing.onrender.com/assets/img/contact.jpg]
[gharpay-solution-to-modern-housing.onrender.com/assets/img/icons/phone.svg]
[gharpay-solution-to-modern-housing.onrender.com/assets/img/icons/mail.svg]
[gharpay-solution-to-modern-housing.onrender.com/assets/img/icons/map-pin.svg]
[gharpay-solution-to-modern-housing.onrender.com/contact-us.html]
[gharpay-solution-to-modern-housing.onrender.com/assets/img/icons/search-icon.svg]
[gharpay-solution-to-modern-housing.onrender.com/add-new-property.html]
[gharpay-solution-to-modern-housing.onrender.com/assets/img/icons/buy-icon.svg]
[gharpay-solution-to-modern-housing.onrender.com/assets/img/icons/work-icon-1.svg]
[gharpay-solution-to-modern-housing.onrender.com/assets/img/icons/work-icon-2.svg]
[gharpay-solution-to-modern-housing.onrender.com/assets/img/icons/work-icon-3.svg]
[gharpay-solution-to-modern-housing.onrender.com/assets/img/icons/red-circle.svg]
[gharpay-solution-to-modern-housing.onrender.com/assets/img/icons/property-icon-1.svg]
[gharpay-solution-to-modern-housing.onrender.com/assets/img/icons/property-icon-2.svg]
[gharpay-solution-to-modern-housing.onrender.com/assets/img/icons/property-icon-3.svg]
[gharpay-solution-to-modern-housing.onrender.com/assets/img/icons/property-icon-4.svg]
[gharpay-solution-to-modern-housing.onrender.com/assets/img/icons/counter-icon-1.svg]
[gharpay-solution-to-modern-housing.onrender.com/assets/img/icons/counter-icon-2.svg]
[gharpay-solution-to-modern-housing.onrender.com/assets/img/icons/counter-icon-3.svg]
[gharpay-solution-to-modern-housing.onrender.com/assets/img/icons/counter-icon-4.svg]
[gharpay-solution-to-modern-housing.onrender.com/rent-property-gridhtml.html]
[gharpay-solution-to-modern-housing.onrender.com/assets/img/icons/partner-icon-1.svg]
[gharpay-solution-to-modern-housing.onrender.com/assets/img/icons/partner-icon-2.svg]
[gharpay-solution-to-modern-housing.onrender.com/assets/img/icons/partner-icon-3.svg]
[gharpay-solution-to-modern-housing.onrender.com/assets/img/icons/partner-icon-4.svg]
[gharpay-solution-to-modern-housing.onrender.com/assets/img/icons/partner-icon-5.svg]
[gharpay-solution-to-modern-housing.onrender.com/assets/img/icons/partner-icon-6.svg]
[gharpay-solution-to-modern-housing.onrender.com/assets/img/icons/blue-circle.svg]
[gharpay-solution-to-modern-housing.onrender.com/assets/img/icons/pricing-icon.svg]
[gharpay-solution-to-modern-housing.onrender.com/blog-details-1.html]
[gharpay-solution-to-modern-housing.onrender.com/blog-details-2.html]
[gharpay-solution-to-modern-housing.onrender.com/blog-details-3.html]
[gharpay-solution-to-modern-housing.onrender.com/blog-details-4.html]
[gharpay-solution-to-modern-housing.onrender.com/blog-details-5.html]
[gharpay-solution-to-modern-housing.onrender.com/assets/plugins/fontawesome/webfonts/fa-brands-400.html]
[gharpay-solution-to-modern-housing.onrender.com/assets/plugins/fontawesome/webfonts/fa-brands-401.html]
[gharpay-solution-to-modern-housing.onrender.com/assets/plugins/fontawesome/webfonts/fa-regular-400.html]
[gharpay-solution-to-modern-housing.onrender.com/assets/plugins/fontawesome/webfonts/fa-regular-401.html]
[gharpay-solution-to-modern-housing.onrender.com/assets/plugins/fontawesome/webfonts/fa-solid-900.html]
[gharpay-solution-to-modern-housing.onrender.com/assets/plugins/fontawesome/webfonts/fa-solid-901.html]
[gharpay-solution-to-modern-housing.onrender.com/assets/plugins/fontawesome/webfonts/fa-v4compatibility.html]
[gharpay-solution-to-modern-housing.onrender.com/assets/plugins/fontawesome/webfonts/fa-v4compatibility-2.html]
[gharpay-solution-to-modern-housing.onrender.com/assets/fonts/Feather144f144f.html]
[gharpay-solution-to-modern-housing.onrender.com/assets/fonts/Feather144f144f-2.html]
[gharpay-solution-to-modern-housing.onrender.com/assets/fonts/Feather144f144f.svg]
[gharpay-solution-to-modern-housing.onrender.com/assets/plugins/boxicons/fonts/boxicons.html]
[gharpay-solution-to-modern-housing.onrender.com/assets/plugins/boxicons/fonts/boxicons-2.html]
[gharpay-solution-to-modern-housing.onrender.com/assets/plugins/boxicons/fonts/boxicons-3.html]
[gharpay-solution-to-modern-housing.onrender.com/assets/plugins/boxicons/fonts/boxicons-4.html]
[gharpay-solution-to-modern-housing.onrender.com/assets/plugins/boxicons/fonts/boxiconsd41dd41d.svg]
[gharpay-solution-to-modern-housing.onrender.com/assets/css/owl.video.play.html]
[gharpay-solution-to-modern-housing.onrender.com/assets/img/icons/check.html]
[gharpay-solution-to-modern-housing.onrender.com/assets/img/icons/x-icon.html]
[gharpay-solution-to-modern-housing.onrender.com/assets/img/quote.svg]
[gharpay-solution-to-modern-housing.onrender.com/assets/img/logo.svg]
[gharpay-solution-to-modern-housing.onrender.com/assets/img/icons/bed-icon.svg]
[gharpay-solution-to-modern-housing.onrender.com/assets/img/icons/bath-icon.svg]
[gharpay-solution-to-modern-housing.onrender.com/assets/img/icons/building-icon.svg]
[gharpay-solution-to-modern-housing.onrender.com/assets/plugins/range-slider/slider-range.css]
[gharpay-solution-to-modern-housing.onrender.com/assets/plugins/fancybox/jquery.fancybox.min.css]
[gharpay-solution-to-modern-housing.onrender.com/assets/img/icons/garage-icon.svg]
[gharpay-solution-to-modern-housing.onrender.com/assets/img/icons/calender-icon.svg]
[gharpay-solution-to-modern-housing.onrender.com/assets/img/icons/amenities-icon-1.svg]
[gharpay-solution-to-modern-housing.onrender.com/assets/img/icons/amenities-icon-2.svg]
[gharpay-solution-to-modern-housing.onrender.com/assets/img/icons/amenities-icon-3.svg]
[gharpay-solution-to-modern-housing.onrender.com/assets/img/icons/amenities-icon-4.svg]
[gharpay-solution-to-modern-housing.onrender.com/assets/img/icons/amenities-icon-5.svg]
[gharpay-solution-to-modern-housing.onrender.com/assets/img/icons/amenities-icon-6.svg]
[gharpay-solution-to-modern-housing.onrender.com/assets/img/icons/amenities-icon-7.svg]
[gharpay-solution-to-modern-housing.onrender.com/assets/img/icons/amenities-icon-8.svg]
[gharpay-solution-to-modern-housing.onrender.com/assets/img/icons/amenities-icon-9.svg]
[gharpay-solution-to-modern-housing.onrender.com/assets/img/icons/amenities-icon-10.svg]
[gharpay-solution-to-modern-housing.onrender.com/assets/img/icons/amenities-icon-11.svg]
[gharpay-solution-to-modern-housing.onrender.com/assets/img/icons/amenities-icon-12.svg]
[gharpay-solution-to-modern-housing.onrender.com/assets/img/icons/pdf-icon.svg]
[gharpay-solution-to-modern-housing.onrender.com/assets/img/icons/money-icon.svg]
[gharpay-solution-to-modern-housing.onrender.com/buy-detail-view.html]
[gharpay-solution-to-modern-housing.onrender.com/rental-order-step1.html]
[gharpay-solution-to-modern-housing.onrender.com/rental-order.html]
[gharpay-solution-to-modern-housing.onrender.com/assets/img/icons/location-icon.svg]
[gharpay-solution-to-modern-housing.onrender.com/compare.html]
[gharpay-solution-to-modern-housing.onrender.com/assets/img/icons/google.svg]
[gharpay-solution-to-modern-housing.onrender.com/assets/img/icons/facebook.svg]
[gharpay-solution-to-modern-housing.onrender.com/assets/img/icons/phone.svg]
[gharpay-solution-to-modern-housing.onrender.com/assets/img/icons/mail.svg]
[gharpay-solution-to-modern-housing.onrender.com/assets/img/icons/map-pin.svg]
[gharpay-solution-to-modern-housing.onrender.com/rental-order-step2.html]
[gharpay-solution-to-modern-housing.onrender.com/rental-order-step1.html]
[gharpay-solution-to-modern-housing.onrender.com/rental-order-step3.html]
[gharpay-solution-to-modern-housing.onrender.com/rental-order-step2.html]
[gharpay-solution-to-modern-housing.onrender.com/assets/css/bootstrap-datetimepicker.min.css]
[gharpay-solution-to-modern-housing.onrender.com/assets/img/payment/paypal.png]
[gharpay-solution-to-modern-housing.onrender.com/assets/img/payment/stripe.png]
[gharpay-solution-to-modern-housing.onrender.com/assets/img/payment/card.png]
[gharpay-solution-to-modern-housing.onrender.com/assets/img/payment/wallet.png]
[gharpay-solution-to-modern-housing.onrender.com/assets/img/icons/double-tick.svg]
[gharpay-solution-to-modern-housing.onrender.com/assets/js/moment.min.js]
[gharpay-solution-to-modern-housing.onrender.com/rental-order-step3.html]
[gharpay-solution-to-modern-housing.onrender.com/assets/css/bootstrap-datetimepicker.min.css]
[gharpay-solution-to-modern-housing.onrender.com/assets/img/icons/double-tick.svg]
[gharpay-solution-to-modern-housing.onrender.com/assets/js/bootstrap-datetimepicker.min.js]
